// Jest Snapshot v1, https://goo.gl/fbAQLP

exports[`Test in <GifGrid /> component should show items when images are loaded useFetchGifs 1`] = `
<Fragment>
  <h3>
    Rick and Morty
  </h3>
  <div
    className="card-grid animate__animated animate__fadeIn"
  >
    <GifGridItem
      id="ABC"
      img={
        Object {
          "id": "ABC",
          "title": "Image Title",
          "url": "http://localhost/demo/image.jpg",
        }
      }
      key="ABC"
      title="Image Title"
      url="http://localhost/demo/image.jpg"
    />
    <GifGridItem
      id="DEF"
      img={
        Object {
          "id": "DEF",
          "title": "Image Title 2",
          "url": "http://localhost/demo2/image.jpg",
        }
      }
      key="DEF"
      title="Image Title 2"
      url="http://localhost/demo2/image.jpg"
    />
  </div>
</Fragment>
`;

exports[`Test in <GifGrid /> component should show the GifGrid component 1`] = `
<Fragment>
  <h3>
    Rick and Morty
  </h3>
  <p
    className="card-grid animate__animated animate__flash"
  >
    Loading
  </p>
  <div
    className="card-grid animate__animated animate__fadeIn"
  />
</Fragment>
`;
